// Vitest Snapshot v1, https://vitest.dev/guide/snapshot.html

exports[`frozen prompt provider requests > pins complete requests for a plain thread, fork, and fork cut at an inherited turn 1`] = `
[
  {
    "messages": [
      {
        "content": [
          {
            "cacheBreakpoint": true,
            "text": "Original writer.

<work_context>
current: none (direct writes)
</work_context>

# Meridian Markdown

Documents are Markdown with a few Meridian forms. You will see them when you read a document; write them the same way.
- \`[[Chapter 213]]\` links another document, and \`[[Chapter 213|Arrival]]\` shows different text. The target may be a context URI.
- Tables are HTML \`<table>\`, with block content in each cell (\`<td><p>…</p></td>\`). Pipe tables are accepted and converted.
- \`<Layout align="center">\` or \`align="right"\`, closed by \`</Layout>\`, aligns one paragraph, heading or table. On a table, \`widths="120,,80"\` sets column widths in pixels; an empty slot stays automatic.
- Images use project-relative asset paths: \`![Realm map](assets/realm-map.png)\`, or \`<img src="assets/realm-map.png" alt="Realm map" width="240" />\` for a fixed width.

# Context URIs

- A bare path means \`manuscript://\`, the user's manuscript.
- Append \`#heading-slug\` to a path to target one section.
- \`kb://\` is the project knowledge base: characters, places, canon.
- \`unfiled://\` holds project documents not yet filed anywhere; renaming one does not file it.
- \`scratch://\` is this Work's working files (plans, notes), never the manuscript. \`scratch://@<slug>/…\` is another Work's. Switching Works changes what an unqualified \`scratch://\` path means, so anything meant to outlast the Work belongs in \`kb://\` or the manuscript.
- \`uploads://\` holds files the user attached to this Work, scoped like \`scratch://\`.
- \`user://\` is the user's personal files.
- File and folder names cannot start with \`@\`.",
            "type": "text",
          },
        ],
        "role": "system",
      },
      {
        "content": [
          {
            "cacheBreakpoint": true,
            "providerOptions": undefined,
            "text": "Continue.",
            "type": "text",
          },
        ],
        "role": "user",
      },
    ],
    "model": "gpt-4.1-mini",
    "promptCacheKey": "00000000-0000-4000-8000-000000000010",
    "tools": [
      {
        "description": "Search the story notes.",
        "inputSchema": {
          "additionalProperties": false,
          "properties": {
            "query": {
              "type": "string",
            },
          },
          "required": [
            "query",
          ],
          "type": "object",
        },
        "name": "search",
        "type": "function",
      },
    ],
  },
  {
    "messages": [
      {
        "content": [
          {
            "cacheBreakpoint": true,
            "text": "Original writer.

<work_context>
current: none (direct writes)
</work_context>

# Meridian Markdown

Documents are Markdown with a few Meridian forms. You will see them when you read a document; write them the same way.
- \`[[Chapter 213]]\` links another document, and \`[[Chapter 213|Arrival]]\` shows different text. The target may be a context URI.
- Tables are HTML \`<table>\`, with block content in each cell (\`<td><p>…</p></td>\`). Pipe tables are accepted and converted.
- \`<Layout align="center">\` or \`align="right"\`, closed by \`</Layout>\`, aligns one paragraph, heading or table. On a table, \`widths="120,,80"\` sets column widths in pixels; an empty slot stays automatic.
- Images use project-relative asset paths: \`![Realm map](assets/realm-map.png)\`, or \`<img src="assets/realm-map.png" alt="Realm map" width="240" />\` for a fixed width.

# Context URIs

- A bare path means \`manuscript://\`, the user's manuscript.
- Append \`#heading-slug\` to a path to target one section.
- \`kb://\` is the project knowledge base: characters, places, canon.
- \`unfiled://\` holds project documents not yet filed anywhere; renaming one does not file it.
- \`scratch://\` is this Work's working files (plans, notes), never the manuscript. \`scratch://@<slug>/…\` is another Work's. Switching Works changes what an unqualified \`scratch://\` path means, so anything meant to outlast the Work belongs in \`kb://\` or the manuscript.
- \`uploads://\` holds files the user attached to this Work, scoped like \`scratch://\`.
- \`user://\` is the user's personal files.
- File and folder names cannot start with \`@\`.",
            "type": "text",
          },
        ],
        "role": "system",
      },
      {
        "content": [
          {
            "cacheBreakpoint": true,
            "providerOptions": undefined,
            "text": "Continue.",
            "type": "text",
          },
        ],
        "role": "user",
      },
      {
        "content": [
          {
            "providerOptions": undefined,
            "text": "done",
            "type": "text",
          },
        ],
        "role": "assistant",
      },
      {
        "content": [
          {
            "providerOptions": undefined,
            "text": "<system_update>
Forked conversation through turn 00000000-0000-4000-8000-000000000012.
</system_update>",
            "type": "text",
          },
          {
            "providerOptions": undefined,
            "text": "<system_update>
<work_context>
current: none (direct writes)
</work_context>
</system_update>",
            "type": "text",
          },
          {
            "cacheBreakpoint": true,
            "providerOptions": undefined,
            "text": "Continue.",
            "type": "text",
          },
        ],
        "role": "user",
      },
    ],
    "model": "gpt-4.1-mini",
    "promptCacheKey": "00000000-0000-4000-8000-000000000010",
    "tools": [
      {
        "description": "Search the story notes.",
        "inputSchema": {
          "additionalProperties": false,
          "properties": {
            "query": {
              "type": "string",
            },
          },
          "required": [
            "query",
          ],
          "type": "object",
        },
        "name": "search",
        "type": "function",
      },
    ],
  },
  {
    "messages": [
      {
        "content": [
          {
            "cacheBreakpoint": true,
            "text": "Original writer.

<work_context>
current: none (direct writes)
</work_context>

# Meridian Markdown

Documents are Markdown with a few Meridian forms. You will see them when you read a document; write them the same way.
- \`[[Chapter 213]]\` links another document, and \`[[Chapter 213|Arrival]]\` shows different text. The target may be a context URI.
- Tables are HTML \`<table>\`, with block content in each cell (\`<td><p>…</p></td>\`). Pipe tables are accepted and converted.
- \`<Layout align="center">\` or \`align="right"\`, closed by \`</Layout>\`, aligns one paragraph, heading or table. On a table, \`widths="120,,80"\` sets column widths in pixels; an empty slot stays automatic.
- Images use project-relative asset paths: \`![Realm map](assets/realm-map.png)\`, or \`<img src="assets/realm-map.png" alt="Realm map" width="240" />\` for a fixed width.

# Context URIs

- A bare path means \`manuscript://\`, the user's manuscript.
- Append \`#heading-slug\` to a path to target one section.
- \`kb://\` is the project knowledge base: characters, places, canon.
- \`unfiled://\` holds project documents not yet filed anywhere; renaming one does not file it.
- \`scratch://\` is this Work's working files (plans, notes), never the manuscript. \`scratch://@<slug>/…\` is another Work's. Switching Works changes what an unqualified \`scratch://\` path means, so anything meant to outlast the Work belongs in \`kb://\` or the manuscript.
- \`uploads://\` holds files the user attached to this Work, scoped like \`scratch://\`.
- \`user://\` is the user's personal files.
- File and folder names cannot start with \`@\`.",
            "type": "text",
          },
        ],
        "role": "system",
      },
      {
        "content": [
          {
            "cacheBreakpoint": true,
            "providerOptions": undefined,
            "text": "Continue.",
            "type": "text",
          },
        ],
        "role": "user",
      },
      {
        "content": [
          {
            "providerOptions": undefined,
            "text": "done",
            "type": "text",
          },
        ],
        "role": "assistant",
      },
      {
        "content": [
          {
            "providerOptions": undefined,
            "text": "<system_update>
Forked conversation through turn 00000000-0000-4000-8000-000000000012.
</system_update>",
            "type": "text",
          },
          {
            "providerOptions": undefined,
            "text": "<system_update>
<work_context>
current: none (direct writes)
</work_context>
</system_update>",
            "type": "text",
          },
          {
            "cacheBreakpoint": true,
            "providerOptions": undefined,
            "text": "Continue.",
            "type": "text",
          },
        ],
        "role": "user",
      },
    ],
    "model": "gpt-4.1-mini",
    "promptCacheKey": "00000000-0000-4000-8000-000000000010",
    "tools": [
      {
        "description": "Search the story notes.",
        "inputSchema": {
          "additionalProperties": false,
          "properties": {
            "query": {
              "type": "string",
            },
          },
          "required": [
            "query",
          ],
          "type": "object",
        },
        "name": "search",
        "type": "function",
      },
    ],
  },
]
`;
